Release 14.4 - xst P.49d (nt64)
Copyright (c) 1995-2012 Xilinx, Inc.  All rights reserved.
--> Parameter TMPDIR set to xst/projnav.tmp


Total REAL time to Xst completion: 0.00 secs
Total CPU time to Xst completion: 0.08 secs
 
--> Parameter xsthdpdir set to xst


Total REAL time to Xst completion: 0.00 secs
Total CPU time to Xst completion: 0.08 secs
 
--> Reading design: mips_top.prj

TABLE OF CONTENTS
  1) Synthesis Options Summary
  2) HDL Compilation
  3) Design Hierarchy Analysis
  4) HDL Analysis
  5) HDL Synthesis
     5.1) HDL Synthesis Report
  6) Advanced HDL Synthesis
     6.1) Advanced HDL Synthesis Report
  7) Low Level Synthesis
  8) Partition Report
  9) Final Report
	9.1) Device utilization summary
	9.2) Partition Resource Summary
	9.3) TIMING REPORT


=========================================================================
*                      Synthesis Options Summary                        *
=========================================================================
---- Source Parameters
Input File Name                    : "mips_top.prj"
Input Format                       : mixed
Ignore Synthesis Constraint File   : NO

---- Target Parameters
Output File Name                   : "mips_top"
Output Format                      : NGC
Target Device                      : xc3s500e-4-fg320

---- Source Options
Top Module Name                    : mips_top
Automatic FSM Extraction           : YES
FSM Encoding Algorithm             : Auto
Safe Implementation                : No
FSM Style                          : LUT
RAM Extraction                     : Yes
RAM Style                          : Auto
ROM Extraction                     : Yes
Mux Style                          : Auto
Decoder Extraction                 : YES
Priority Encoder Extraction        : Yes
Shift Register Extraction          : YES
Logical Shifter Extraction         : YES
XOR Collapsing                     : YES
ROM Style                          : Auto
Mux Extraction                     : Yes
Resource Sharing                   : YES
Asynchronous To Synchronous        : NO
Multiplier Style                   : Auto
Automatic Register Balancing       : No

---- Target Options
Add IO Buffers                     : YES
Global Maximum Fanout              : 500
Add Generic Clock Buffer(BUFG)     : 24
Register Duplication               : YES
Slice Packing                      : YES
Optimize Instantiated Primitives   : NO
Use Clock Enable                   : Yes
Use Synchronous Set                : Yes
Use Synchronous Reset              : Yes
Pack IO Registers into IOBs        : Auto
Equivalent register Removal        : YES

---- General Options
Optimization Goal                  : Speed
Optimization Effort                : 1
Keep Hierarchy                     : No
Netlist Hierarchy                  : As_Optimized
RTL Output                         : Yes
Global Optimization                : AllClockNets
Read Cores                         : YES
Write Timing Constraints           : NO
Cross Clock Analysis               : NO
Hierarchy Separator                : /
Bus Delimiter                      : <>
Case Specifier                     : Maintain
Slice Utilization Ratio            : 100
BRAM Utilization Ratio             : 100
Verilog 2001                       : YES
Auto BRAM Packing                  : NO
Slice Utilization Ratio Delta      : 5

=========================================================================


=========================================================================
*                          HDL Compilation                              *
=========================================================================
Compiling verilog file "code/regfile.v" in library work
Compiling verilog include file "code/define.vh"
Compiling verilog file "code/alu.v" in library work
Compiling verilog include file "code/define.vh"
Module <regfile> compiled
Compiling verilog include file "code/mips_define.vh"
Compiling verilog file "code/datapath.v" in library work
Compiling verilog include file "code/define.vh"
Module <alu> compiled
Compiling verilog include file "code/mips_define.vh"
Compiling verilog file "code/controller.v" in library work
Compiling verilog include file "code/define.vh"
Module <datapath> compiled
Compiling verilog include file "code/mips_define.vh"
ERROR:HDLCompilers:26 - "code/controller.v" line 224 unexpected token: '?'
ERROR:HDLCompilers:26 - "code/controller.v" line 224 unexpected token: '?'
ERROR:HDLCompilers:26 - "code/controller.v" line 224 expecting ':', found ')'
ERROR:HDLCompilers:26 - "code/controller.v" line 228 unexpected token: '?'
ERROR:HDLCompilers:26 - "code/controller.v" line 228 unexpected token: '?'
ERROR:HDLCompilers:26 - "code/controller.v" line 228 unexpected token: ')'
ERROR:HDLCompilers:26 - "code/controller.v" line 229 expecting ':', found ';'
ERROR:HDLCompilers:26 - "code/controller.v" line 236 unexpected token: '?'
ERROR:HDLCompilers:26 - "code/controller.v" line 236 unexpected token: ')'
ERROR:HDLCompilers:26 - "code/controller.v" line 237 expecting ')', found ';'
ERROR:HDLCompilers:26 - "code/controller.v" line 241 expecting 'end', found 'reg'
ERROR:HDLCompilers:26 - "code/controller.v" line 241 unexpected token: ';'
ERROR:HDLCompilers:28 - "code/controller.v" line 244 'debug_step_prev' has not been declared
ERROR:HDLCompilers:28 - "code/controller.v" line 268 'debug_step_prev' has not been declared
Compiling verilog file "code/mips_core.v" in library work
Compiling verilog include file "code/define.vh"
Module <controller> compiled
Compiling verilog file "code/inst_rom.v" in library work
Module <mips_core> compiled
Compiling verilog file "code/displcd.v" in library work
Module <inst_rom> compiled
Module <displcd> compiled
Module <genlcd> compiled
Compiling verilog file "code/data_ram.v" in library work
Module <lcd> compiled
Compiling verilog file "code/mips.v" in library work
Compiling verilog include file "code/define.vh"
Module <data_ram> compiled
Compiling verilog file "code/display.v" in library work
Compiling verilog include file "code/define.vh"
Module <mips> compiled
Compiling verilog file "code/clk_gen.v" in library work
Compiling verilog include file "code/define.vh"
Module <display> compiled
Compiling verilog file "code/anti_jitter.v" in library work
Compiling verilog include file "code/define.vh"
Module <clk_gen> compiled
Compiling verilog file "code/mips_top.v" in library work
Compiling verilog include file "code/define.vh"
Module <anti_jitter> compiled
Module <mips_top> compiled
Analysis of file <"mips_top.prj"> failed.
--> 

Total memory usage is 237700 kilobytes

Number of errors   :   14 (   0 filtered)
Number of warnings :    0 (   0 filtered)
Number of infos    :    0 (   0 filtered)

